// Jest Snapshot v1, https://goo.gl/fbAQLP

exports[`AuthContext it matches snapshot 1`] = `null`;
